// Jest Snapshot v1, https://goo.gl/fbAQLP

exports[`/postcss.js should accept a \`json\` property and write exports to that file 1`] = `
"{
    \\"packages/postcss/test/specimens/folder/folder.css\\": {
        \\"folder\\": \\"folder\\"
    },
    \\"packages/postcss/test/specimens/local.css\\": {
        \\"booga\\": \\"booga\\",
        \\"looga\\": \\"booga looga\\"
    },
    \\"packages/postcss/test/specimens/start.css\\": {
        \\"wooga\\": \\"booga wooga\\",
        \\"booga\\": \\"booga\\",
        \\"tooga\\": \\"tooga\\"
    }
}"
`;

exports[`/postcss.js should accept json args in either position with postcss 1`] = `
"{
    \\"packages/postcss/test/specimens/simple.css\\": {
        \\"wooga\\": \\"wooga\\"
    }
}"
`;

exports[`/postcss.js should accept normal processor options 1`] = `
".fooga_wooga { color: red; }

/*# sourceMappingURL=data:application/json;base64,eyJ2ZXJzaW9uIjozLCJzb3VyY2VzIjpbInBhY2thZ2VzL3Bvc3Rjc3MvdGVzdC9zcGVjaW1lbnMvc2ltcGxlLmNzcyJdLCJuYW1lcyI6W10sIm1hcHBpbmdzIjoiQUFBQSxlQUFTLFVBQVUsRUFBRSIsImZpbGUiOiJwYWNrYWdlcy9wb3N0Y3NzL3Rlc3Qvc3BlY2ltZW5zL3NpbXBsZS5jc3MiLCJzb3VyY2VzQ29udGVudCI6WyIud29vZ2EgeyBjb2xvcjogcmVkOyB9XG4iXX0= */"
`;

exports[`/postcss.js should be usable like a normal postcss plugin 1`] = `
".a { color: red; }

/*# sourceMappingURL=data:application/json;base64,eyJ2ZXJzaW9uIjozLCJzb3VyY2VzIjpbInBhY2thZ2VzL3Bvc3Rjc3MvdGVzdC9zcGVjaW1lbnMvc2ltcGxlLmNzcyJdLCJuYW1lcyI6W10sIm1hcHBpbmdzIjoiQUFBQSxLQUFTLFVBQVUsRUFBRSIsImZpbGUiOiJwYWNrYWdlcy9wb3N0Y3NzL3Rlc3Qvc3BlY2ltZW5zL3NpbXBsZS5jc3MiLCJzb3VyY2VzQ29udGVudCI6WyIud29vZ2EgeyBjb2xvcjogcmVkOyB9XG4iXX0= */"
`;

exports[`/postcss.js should output json when used within postcss 1`] = `
"{
    \\"packages/postcss/test/specimens/simple.css\\": {
        \\"wooga\\": \\"wooga\\"
    }
}"
`;

exports[`/postcss.js should process CSS and output exports as a message 1`] = `
Array [
  Object {
    "exports": Object {
      "wooga": Array [
        "wooga",
      ],
    },
    "type": "modular-css-exports",
  },
]
`;

exports[`/postcss.js should process CSS and output the result 1`] = `
".wooga { color: red; }
"
`;

exports[`/postcss.js should process CSS with dependencies and output the result 1`] = `
".booga { color: red; background: blue; }
.tooga { border: 1px solid white; }
"
`;

exports[`/postcss.js should use output filepath for json if a custom path isn't provided 1`] = `
"{
    \\"packages/postcss/test/specimens/folder/folder.css\\": {
        \\"folder\\": \\"folder\\"
    },
    \\"packages/postcss/test/specimens/local.css\\": {
        \\"booga\\": \\"booga\\",
        \\"looga\\": \\"booga looga\\"
    },
    \\"packages/postcss/test/specimens/start.css\\": {
        \\"wooga\\": \\"booga wooga\\",
        \\"booga\\": \\"booga\\",
        \\"tooga\\": \\"tooga\\"
    }
}"
`;
