// Jest Snapshot v1, https://goo.gl/fbAQLP

exports[`/webpack.js should generate correct builds when files change 1`] = `
"/******/ (function(modules) { // webpackBootstrap
/******/ 	// The module cache
/******/ 	var installedModules = {};
/******/
/******/ 	// The require function
/******/ 	function __webpack_require__(moduleId) {
/******/
/******/ 		// Check if module is in cache
/******/ 		if(installedModules[moduleId]) {
/******/ 			return installedModules[moduleId].exports;
/******/ 		}
/******/ 		// Create a new module (and put it into the cache)
/******/ 		var module = installedModules[moduleId] = {
/******/ 			i: moduleId,
/******/ 			l: false,
/******/ 			exports: {}
/******/ 		};
/******/
/******/ 		// Execute the module function
/******/ 		modules[moduleId].call(module.exports, module, module.exports, __webpack_require__);
/******/
/******/ 		// Flag the module as loaded
/******/ 		module.l = true;
/******/
/******/ 		// Return the exports of the module
/******/ 		return module.exports;
/******/ 	}
/******/
/******/
/******/ 	// expose the modules object (__webpack_modules__)
/******/ 	__webpack_require__.m = modules;
/******/
/******/ 	// expose the module cache
/******/ 	__webpack_require__.c = installedModules;
/******/
/******/ 	// identity function for calling harmony imports with the correct context
/******/ 	__webpack_require__.i = function(value) { return value; };
/******/
/******/ 	// define getter function for harmony exports
/******/ 	__webpack_require__.d = function(exports, name, getter) {
/******/ 		if(!__webpack_require__.o(exports, name)) {
/******/ 			Object.defineProperty(exports, name, {
/******/ 				configurable: false,
/******/ 				enumerable: true,
/******/ 				get: getter
/******/ 			});
/******/ 		}
/******/ 	};
/******/
/******/ 	// getDefaultExport function for compatibility with non-harmony modules
/******/ 	__webpack_require__.n = function(module) {
/******/ 		var getter = module && module.__esModule ?
/******/ 			function getDefault() { return module['default']; } :
/******/ 			function getModuleExports() { return module; };
/******/ 		__webpack_require__.d(getter, 'a', getter);
/******/ 		return getter;
/******/ 	};
/******/
/******/ 	// Object.prototype.hasOwnProperty.call
/******/ 	__webpack_require__.o = function(object, property) { return Object.prototype.hasOwnProperty.call(object, property); };
/******/
/******/ 	// __webpack_public_path__
/******/ 	__webpack_require__.p = \\"\\";
/******/
/******/ 	// Load entry module and return exports
/******/ 	return __webpack_require__(__webpack_require__.s = 1);
/******/ })
/************************************************************************/
/******/ ([
/* 0 */
/***/ (function(module, __webpack_exports__, __webpack_require__) {

\\"use strict\\";
/* unused harmony export one */
var one = \\"one\\";
/* harmony default export */ __webpack_exports__[\\"a\\"] = ({
    \\"one\\": \\"one\\"
});


/***/ }),
/* 1 */
/***/ (function(module, __webpack_exports__, __webpack_require__) {

\\"use strict\\";
Object.defineProperty(__webpack_exports__, \\"__esModule\\", { value: true });
/* harmony import */ var __WEBPACK_IMPORTED_MODULE_0__output_changed_css__ = __webpack_require__(0);


console.log(__WEBPACK_IMPORTED_MODULE_0__output_changed_css__[\\"a\\" /* default */]);


/***/ })
/******/ ]);"
`;

exports[`/webpack.js should generate correct builds when files change 2`] = `
"/* packages/webpack/test/output/changed.css */
.one {
    color: red
}"
`;

exports[`/webpack.js should generate correct builds when files change 3`] = `
"/******/ (function(modules) { // webpackBootstrap
/******/ 	// The module cache
/******/ 	var installedModules = {};
/******/
/******/ 	// The require function
/******/ 	function __webpack_require__(moduleId) {
/******/
/******/ 		// Check if module is in cache
/******/ 		if(installedModules[moduleId]) {
/******/ 			return installedModules[moduleId].exports;
/******/ 		}
/******/ 		// Create a new module (and put it into the cache)
/******/ 		var module = installedModules[moduleId] = {
/******/ 			i: moduleId,
/******/ 			l: false,
/******/ 			exports: {}
/******/ 		};
/******/
/******/ 		// Execute the module function
/******/ 		modules[moduleId].call(module.exports, module, module.exports, __webpack_require__);
/******/
/******/ 		// Flag the module as loaded
/******/ 		module.l = true;
/******/
/******/ 		// Return the exports of the module
/******/ 		return module.exports;
/******/ 	}
/******/
/******/
/******/ 	// expose the modules object (__webpack_modules__)
/******/ 	__webpack_require__.m = modules;
/******/
/******/ 	// expose the module cache
/******/ 	__webpack_require__.c = installedModules;
/******/
/******/ 	// identity function for calling harmony imports with the correct context
/******/ 	__webpack_require__.i = function(value) { return value; };
/******/
/******/ 	// define getter function for harmony exports
/******/ 	__webpack_require__.d = function(exports, name, getter) {
/******/ 		if(!__webpack_require__.o(exports, name)) {
/******/ 			Object.defineProperty(exports, name, {
/******/ 				configurable: false,
/******/ 				enumerable: true,
/******/ 				get: getter
/******/ 			});
/******/ 		}
/******/ 	};
/******/
/******/ 	// getDefaultExport function for compatibility with non-harmony modules
/******/ 	__webpack_require__.n = function(module) {
/******/ 		var getter = module && module.__esModule ?
/******/ 			function getDefault() { return module['default']; } :
/******/ 			function getModuleExports() { return module; };
/******/ 		__webpack_require__.d(getter, 'a', getter);
/******/ 		return getter;
/******/ 	};
/******/
/******/ 	// Object.prototype.hasOwnProperty.call
/******/ 	__webpack_require__.o = function(object, property) { return Object.prototype.hasOwnProperty.call(object, property); };
/******/
/******/ 	// __webpack_public_path__
/******/ 	__webpack_require__.p = \\"\\";
/******/
/******/ 	// Load entry module and return exports
/******/ 	return __webpack_require__(__webpack_require__.s = 1);
/******/ })
/************************************************************************/
/******/ ([
/* 0 */
/***/ (function(module, __webpack_exports__, __webpack_require__) {

\\"use strict\\";
/* unused harmony export two */
var two = \\"two\\";
/* harmony default export */ __webpack_exports__[\\"a\\"] = ({
    \\"two\\": \\"two\\"
});


/***/ }),
/* 1 */
/***/ (function(module, __webpack_exports__, __webpack_require__) {

\\"use strict\\";
Object.defineProperty(__webpack_exports__, \\"__esModule\\", { value: true });
/* harmony import */ var __WEBPACK_IMPORTED_MODULE_0__output_changed_css__ = __webpack_require__(0);


console.log(__WEBPACK_IMPORTED_MODULE_0__output_changed_css__[\\"a\\" /* default */]);


/***/ })
/******/ ]);"
`;

exports[`/webpack.js should generate correct builds when files change 4`] = `
"/* packages/webpack/test/output/changed.css */
.two {
    color: blue
}"
`;

exports[`/webpack.js should generate correct builds when files change 5`] = `
"/******/ (function(modules) { // webpackBootstrap
/******/ 	// The module cache
/******/ 	var installedModules = {};
/******/
/******/ 	// The require function
/******/ 	function __webpack_require__(moduleId) {
/******/
/******/ 		// Check if module is in cache
/******/ 		if(installedModules[moduleId]) {
/******/ 			return installedModules[moduleId].exports;
/******/ 		}
/******/ 		// Create a new module (and put it into the cache)
/******/ 		var module = installedModules[moduleId] = {
/******/ 			i: moduleId,
/******/ 			l: false,
/******/ 			exports: {}
/******/ 		};
/******/
/******/ 		// Execute the module function
/******/ 		modules[moduleId].call(module.exports, module, module.exports, __webpack_require__);
/******/
/******/ 		// Flag the module as loaded
/******/ 		module.l = true;
/******/
/******/ 		// Return the exports of the module
/******/ 		return module.exports;
/******/ 	}
/******/
/******/
/******/ 	// expose the modules object (__webpack_modules__)
/******/ 	__webpack_require__.m = modules;
/******/
/******/ 	// expose the module cache
/******/ 	__webpack_require__.c = installedModules;
/******/
/******/ 	// identity function for calling harmony imports with the correct context
/******/ 	__webpack_require__.i = function(value) { return value; };
/******/
/******/ 	// define getter function for harmony exports
/******/ 	__webpack_require__.d = function(exports, name, getter) {
/******/ 		if(!__webpack_require__.o(exports, name)) {
/******/ 			Object.defineProperty(exports, name, {
/******/ 				configurable: false,
/******/ 				enumerable: true,
/******/ 				get: getter
/******/ 			});
/******/ 		}
/******/ 	};
/******/
/******/ 	// getDefaultExport function for compatibility with non-harmony modules
/******/ 	__webpack_require__.n = function(module) {
/******/ 		var getter = module && module.__esModule ?
/******/ 			function getDefault() { return module['default']; } :
/******/ 			function getModuleExports() { return module; };
/******/ 		__webpack_require__.d(getter, 'a', getter);
/******/ 		return getter;
/******/ 	};
/******/
/******/ 	// Object.prototype.hasOwnProperty.call
/******/ 	__webpack_require__.o = function(object, property) { return Object.prototype.hasOwnProperty.call(object, property); };
/******/
/******/ 	// __webpack_public_path__
/******/ 	__webpack_require__.p = \\"\\";
/******/
/******/ 	// Load entry module and return exports
/******/ 	return __webpack_require__(__webpack_require__.s = 1);
/******/ })
/************************************************************************/
/******/ ([
/* 0 */
/***/ (function(module, __webpack_exports__, __webpack_require__) {

\\"use strict\\";
/* unused harmony export two */
var two = \\"two\\";
/* harmony default export */ __webpack_exports__[\\"a\\"] = ({
    \\"two\\": \\"two\\"
});


/***/ }),
/* 1 */
/***/ (function(module, __webpack_exports__, __webpack_require__) {

\\"use strict\\";
Object.defineProperty(__webpack_exports__, \\"__esModule\\", { value: true });
/* harmony import */ var __WEBPACK_IMPORTED_MODULE_0__output_changed_css__ = __webpack_require__(0);


console.log(__WEBPACK_IMPORTED_MODULE_0__output_changed_css__[\\"a\\" /* default */]);


/***/ })
/******/ ]);"
`;

exports[`/webpack.js should generate correct builds when files change 6`] = `
"/* packages/webpack/test/output/changed.css */
.two {
    color: green
}"
`;

exports[`/webpack.js should handle dependencies 1`] = `
"/******/ (function(modules) { // webpackBootstrap
/******/ 	// The module cache
/******/ 	var installedModules = {};
/******/
/******/ 	// The require function
/******/ 	function __webpack_require__(moduleId) {
/******/
/******/ 		// Check if module is in cache
/******/ 		if(installedModules[moduleId]) {
/******/ 			return installedModules[moduleId].exports;
/******/ 		}
/******/ 		// Create a new module (and put it into the cache)
/******/ 		var module = installedModules[moduleId] = {
/******/ 			i: moduleId,
/******/ 			l: false,
/******/ 			exports: {}
/******/ 		};
/******/
/******/ 		// Execute the module function
/******/ 		modules[moduleId].call(module.exports, module, module.exports, __webpack_require__);
/******/
/******/ 		// Flag the module as loaded
/******/ 		module.l = true;
/******/
/******/ 		// Return the exports of the module
/******/ 		return module.exports;
/******/ 	}
/******/
/******/
/******/ 	// expose the modules object (__webpack_modules__)
/******/ 	__webpack_require__.m = modules;
/******/
/******/ 	// expose the module cache
/******/ 	__webpack_require__.c = installedModules;
/******/
/******/ 	// identity function for calling harmony imports with the correct context
/******/ 	__webpack_require__.i = function(value) { return value; };
/******/
/******/ 	// define getter function for harmony exports
/******/ 	__webpack_require__.d = function(exports, name, getter) {
/******/ 		if(!__webpack_require__.o(exports, name)) {
/******/ 			Object.defineProperty(exports, name, {
/******/ 				configurable: false,
/******/ 				enumerable: true,
/******/ 				get: getter
/******/ 			});
/******/ 		}
/******/ 	};
/******/
/******/ 	// getDefaultExport function for compatibility with non-harmony modules
/******/ 	__webpack_require__.n = function(module) {
/******/ 		var getter = module && module.__esModule ?
/******/ 			function getDefault() { return module['default']; } :
/******/ 			function getModuleExports() { return module; };
/******/ 		__webpack_require__.d(getter, 'a', getter);
/******/ 		return getter;
/******/ 	};
/******/
/******/ 	// Object.prototype.hasOwnProperty.call
/******/ 	__webpack_require__.o = function(object, property) { return Object.prototype.hasOwnProperty.call(object, property); };
/******/
/******/ 	// __webpack_public_path__
/******/ 	__webpack_require__.p = \\"\\";
/******/
/******/ 	// Load entry module and return exports
/******/ 	return __webpack_require__(__webpack_require__.s = 1);
/******/ })
/************************************************************************/
/******/ ([
/* 0 */
/***/ (function(module, __webpack_exports__, __webpack_require__) {

\\"use strict\\";
Object.defineProperty(__webpack_exports__, \\"__esModule\\", { value: true });
/* harmony export (binding) */ __webpack_require__.d(__webpack_exports__, \\"tooga\\", function() { return tooga; });
/* harmony export (binding) */ __webpack_require__.d(__webpack_exports__, \\"booga\\", function() { return booga; });
/* harmony export (binding) */ __webpack_require__.d(__webpack_exports__, \\"wooga\\", function() { return wooga; });
var tooga = \\"tooga\\";
var booga = \\"booga\\";
var wooga = \\"booga wooga\\";
/* harmony default export */ __webpack_exports__[\\"default\\"] = ({
    \\"wooga\\": \\"booga wooga\\",
    \\"booga\\": \\"booga\\",
    \\"tooga\\": \\"tooga\\"
});


/***/ }),
/* 1 */
/***/ (function(module, exports, __webpack_require__) {

__webpack_require__(0);


/***/ })
/******/ ]);"
`;

exports[`/webpack.js should handle dependencies 2`] = `
"/* packages/webpack/test/specimens/folder/folder.css */
.folder {
    margin: 2px
}
/* packages/webpack/test/specimens/local.css */
.booga {
    background: green
}
/* packages/webpack/test/specimens/start.css */
.booga {
    color: red;
    background: blue
}
.tooga {
    border: 1px solid white
}"
`;

exports[`/webpack.js should handle dependencies 3`] = `
"{
    \\"packages/webpack/test/specimens/folder/folder.css\\": {
        \\"folder\\": \\"folder\\"
    },
    \\"packages/webpack/test/specimens/local.css\\": {
        \\"booga\\": \\"booga\\",
        \\"looga\\": \\"booga looga\\"
    },
    \\"packages/webpack/test/specimens/start.css\\": {
        \\"wooga\\": \\"booga wooga\\",
        \\"booga\\": \\"booga\\",
        \\"tooga\\": \\"tooga\\"
    }
}"
`;

exports[`/webpack.js should output css to disk 1`] = `
"/******/ (function(modules) { // webpackBootstrap
/******/ 	// The module cache
/******/ 	var installedModules = {};
/******/
/******/ 	// The require function
/******/ 	function __webpack_require__(moduleId) {
/******/
/******/ 		// Check if module is in cache
/******/ 		if(installedModules[moduleId]) {
/******/ 			return installedModules[moduleId].exports;
/******/ 		}
/******/ 		// Create a new module (and put it into the cache)
/******/ 		var module = installedModules[moduleId] = {
/******/ 			i: moduleId,
/******/ 			l: false,
/******/ 			exports: {}
/******/ 		};
/******/
/******/ 		// Execute the module function
/******/ 		modules[moduleId].call(module.exports, module, module.exports, __webpack_require__);
/******/
/******/ 		// Flag the module as loaded
/******/ 		module.l = true;
/******/
/******/ 		// Return the exports of the module
/******/ 		return module.exports;
/******/ 	}
/******/
/******/
/******/ 	// expose the modules object (__webpack_modules__)
/******/ 	__webpack_require__.m = modules;
/******/
/******/ 	// expose the module cache
/******/ 	__webpack_require__.c = installedModules;
/******/
/******/ 	// identity function for calling harmony imports with the correct context
/******/ 	__webpack_require__.i = function(value) { return value; };
/******/
/******/ 	// define getter function for harmony exports
/******/ 	__webpack_require__.d = function(exports, name, getter) {
/******/ 		if(!__webpack_require__.o(exports, name)) {
/******/ 			Object.defineProperty(exports, name, {
/******/ 				configurable: false,
/******/ 				enumerable: true,
/******/ 				get: getter
/******/ 			});
/******/ 		}
/******/ 	};
/******/
/******/ 	// getDefaultExport function for compatibility with non-harmony modules
/******/ 	__webpack_require__.n = function(module) {
/******/ 		var getter = module && module.__esModule ?
/******/ 			function getDefault() { return module['default']; } :
/******/ 			function getModuleExports() { return module; };
/******/ 		__webpack_require__.d(getter, 'a', getter);
/******/ 		return getter;
/******/ 	};
/******/
/******/ 	// Object.prototype.hasOwnProperty.call
/******/ 	__webpack_require__.o = function(object, property) { return Object.prototype.hasOwnProperty.call(object, property); };
/******/
/******/ 	// __webpack_public_path__
/******/ 	__webpack_require__.p = \\"\\";
/******/
/******/ 	// Load entry module and return exports
/******/ 	return __webpack_require__(__webpack_require__.s = 1);
/******/ })
/************************************************************************/
/******/ ([
/* 0 */
/***/ (function(module, __webpack_exports__, __webpack_require__) {

\\"use strict\\";
Object.defineProperty(__webpack_exports__, \\"__esModule\\", { value: true });
/* harmony export (binding) */ __webpack_require__.d(__webpack_exports__, \\"wooga\\", function() { return wooga; });
var wooga = \\"wooga\\";
/* harmony default export */ __webpack_exports__[\\"default\\"] = ({
    \\"wooga\\": \\"wooga\\"
});


/***/ }),
/* 1 */
/***/ (function(module, exports, __webpack_require__) {

__webpack_require__(0);


/***/ })
/******/ ]);"
`;

exports[`/webpack.js should output css to disk 2`] = `
"/* packages/webpack/test/specimens/simple.css */
.wooga {
    color: red
}"
`;

exports[`/webpack.js should output json to disk 1`] = `
"/******/ (function(modules) { // webpackBootstrap
/******/ 	// The module cache
/******/ 	var installedModules = {};
/******/
/******/ 	// The require function
/******/ 	function __webpack_require__(moduleId) {
/******/
/******/ 		// Check if module is in cache
/******/ 		if(installedModules[moduleId]) {
/******/ 			return installedModules[moduleId].exports;
/******/ 		}
/******/ 		// Create a new module (and put it into the cache)
/******/ 		var module = installedModules[moduleId] = {
/******/ 			i: moduleId,
/******/ 			l: false,
/******/ 			exports: {}
/******/ 		};
/******/
/******/ 		// Execute the module function
/******/ 		modules[moduleId].call(module.exports, module, module.exports, __webpack_require__);
/******/
/******/ 		// Flag the module as loaded
/******/ 		module.l = true;
/******/
/******/ 		// Return the exports of the module
/******/ 		return module.exports;
/******/ 	}
/******/
/******/
/******/ 	// expose the modules object (__webpack_modules__)
/******/ 	__webpack_require__.m = modules;
/******/
/******/ 	// expose the module cache
/******/ 	__webpack_require__.c = installedModules;
/******/
/******/ 	// identity function for calling harmony imports with the correct context
/******/ 	__webpack_require__.i = function(value) { return value; };
/******/
/******/ 	// define getter function for harmony exports
/******/ 	__webpack_require__.d = function(exports, name, getter) {
/******/ 		if(!__webpack_require__.o(exports, name)) {
/******/ 			Object.defineProperty(exports, name, {
/******/ 				configurable: false,
/******/ 				enumerable: true,
/******/ 				get: getter
/******/ 			});
/******/ 		}
/******/ 	};
/******/
/******/ 	// getDefaultExport function for compatibility with non-harmony modules
/******/ 	__webpack_require__.n = function(module) {
/******/ 		var getter = module && module.__esModule ?
/******/ 			function getDefault() { return module['default']; } :
/******/ 			function getModuleExports() { return module; };
/******/ 		__webpack_require__.d(getter, 'a', getter);
/******/ 		return getter;
/******/ 	};
/******/
/******/ 	// Object.prototype.hasOwnProperty.call
/******/ 	__webpack_require__.o = function(object, property) { return Object.prototype.hasOwnProperty.call(object, property); };
/******/
/******/ 	// __webpack_public_path__
/******/ 	__webpack_require__.p = \\"\\";
/******/
/******/ 	// Load entry module and return exports
/******/ 	return __webpack_require__(__webpack_require__.s = 1);
/******/ })
/************************************************************************/
/******/ ([
/* 0 */
/***/ (function(module, __webpack_exports__, __webpack_require__) {

\\"use strict\\";
Object.defineProperty(__webpack_exports__, \\"__esModule\\", { value: true });
/* harmony export (binding) */ __webpack_require__.d(__webpack_exports__, \\"wooga\\", function() { return wooga; });
var wooga = \\"wooga\\";
/* harmony default export */ __webpack_exports__[\\"default\\"] = ({
    \\"wooga\\": \\"wooga\\"
});


/***/ }),
/* 1 */
/***/ (function(module, exports, __webpack_require__) {

__webpack_require__(0);


/***/ })
/******/ ]);"
`;

exports[`/webpack.js should output json to disk 2`] = `
"{
    \\"packages/webpack/test/specimens/simple.css\\": {
        \\"wooga\\": \\"wooga\\"
    }
}"
`;

exports[`/webpack.js should support CommonJS exports when the option is set 1`] = `
"/******/ (function(modules) { // webpackBootstrap
/******/ 	// The module cache
/******/ 	var installedModules = {};
/******/
/******/ 	// The require function
/******/ 	function __webpack_require__(moduleId) {
/******/
/******/ 		// Check if module is in cache
/******/ 		if(installedModules[moduleId]) {
/******/ 			return installedModules[moduleId].exports;
/******/ 		}
/******/ 		// Create a new module (and put it into the cache)
/******/ 		var module = installedModules[moduleId] = {
/******/ 			i: moduleId,
/******/ 			l: false,
/******/ 			exports: {}
/******/ 		};
/******/
/******/ 		// Execute the module function
/******/ 		modules[moduleId].call(module.exports, module, module.exports, __webpack_require__);
/******/
/******/ 		// Flag the module as loaded
/******/ 		module.l = true;
/******/
/******/ 		// Return the exports of the module
/******/ 		return module.exports;
/******/ 	}
/******/
/******/
/******/ 	// expose the modules object (__webpack_modules__)
/******/ 	__webpack_require__.m = modules;
/******/
/******/ 	// expose the module cache
/******/ 	__webpack_require__.c = installedModules;
/******/
/******/ 	// identity function for calling harmony imports with the correct context
/******/ 	__webpack_require__.i = function(value) { return value; };
/******/
/******/ 	// define getter function for harmony exports
/******/ 	__webpack_require__.d = function(exports, name, getter) {
/******/ 		if(!__webpack_require__.o(exports, name)) {
/******/ 			Object.defineProperty(exports, name, {
/******/ 				configurable: false,
/******/ 				enumerable: true,
/******/ 				get: getter
/******/ 			});
/******/ 		}
/******/ 	};
/******/
/******/ 	// getDefaultExport function for compatibility with non-harmony modules
/******/ 	__webpack_require__.n = function(module) {
/******/ 		var getter = module && module.__esModule ?
/******/ 			function getDefault() { return module['default']; } :
/******/ 			function getModuleExports() { return module; };
/******/ 		__webpack_require__.d(getter, 'a', getter);
/******/ 		return getter;
/******/ 	};
/******/
/******/ 	// Object.prototype.hasOwnProperty.call
/******/ 	__webpack_require__.o = function(object, property) { return Object.prototype.hasOwnProperty.call(object, property); };
/******/
/******/ 	// __webpack_public_path__
/******/ 	__webpack_require__.p = \\"\\";
/******/
/******/ 	// Load entry module and return exports
/******/ 	return __webpack_require__(__webpack_require__.s = 1);
/******/ })
/************************************************************************/
/******/ ([
/* 0 */
/***/ (function(module, exports) {

module.exports = {
    \\"wooga\\": \\"wooga\\"
};


/***/ }),
/* 1 */
/***/ (function(module, exports, __webpack_require__) {

__webpack_require__(0);


/***/ })
/******/ ]);"
`;

exports[`/webpack.js should support ES2015 default exports 1`] = `
"/******/ (function(modules) { // webpackBootstrap
/******/ 	// The module cache
/******/ 	var installedModules = {};
/******/
/******/ 	// The require function
/******/ 	function __webpack_require__(moduleId) {
/******/
/******/ 		// Check if module is in cache
/******/ 		if(installedModules[moduleId]) {
/******/ 			return installedModules[moduleId].exports;
/******/ 		}
/******/ 		// Create a new module (and put it into the cache)
/******/ 		var module = installedModules[moduleId] = {
/******/ 			i: moduleId,
/******/ 			l: false,
/******/ 			exports: {}
/******/ 		};
/******/
/******/ 		// Execute the module function
/******/ 		modules[moduleId].call(module.exports, module, module.exports, __webpack_require__);
/******/
/******/ 		// Flag the module as loaded
/******/ 		module.l = true;
/******/
/******/ 		// Return the exports of the module
/******/ 		return module.exports;
/******/ 	}
/******/
/******/
/******/ 	// expose the modules object (__webpack_modules__)
/******/ 	__webpack_require__.m = modules;
/******/
/******/ 	// expose the module cache
/******/ 	__webpack_require__.c = installedModules;
/******/
/******/ 	// identity function for calling harmony imports with the correct context
/******/ 	__webpack_require__.i = function(value) { return value; };
/******/
/******/ 	// define getter function for harmony exports
/******/ 	__webpack_require__.d = function(exports, name, getter) {
/******/ 		if(!__webpack_require__.o(exports, name)) {
/******/ 			Object.defineProperty(exports, name, {
/******/ 				configurable: false,
/******/ 				enumerable: true,
/******/ 				get: getter
/******/ 			});
/******/ 		}
/******/ 	};
/******/
/******/ 	// getDefaultExport function for compatibility with non-harmony modules
/******/ 	__webpack_require__.n = function(module) {
/******/ 		var getter = module && module.__esModule ?
/******/ 			function getDefault() { return module['default']; } :
/******/ 			function getModuleExports() { return module; };
/******/ 		__webpack_require__.d(getter, 'a', getter);
/******/ 		return getter;
/******/ 	};
/******/
/******/ 	// Object.prototype.hasOwnProperty.call
/******/ 	__webpack_require__.o = function(object, property) { return Object.prototype.hasOwnProperty.call(object, property); };
/******/
/******/ 	// __webpack_public_path__
/******/ 	__webpack_require__.p = \\"\\";
/******/
/******/ 	// Load entry module and return exports
/******/ 	return __webpack_require__(__webpack_require__.s = 1);
/******/ })
/************************************************************************/
/******/ ([
/* 0 */
/***/ (function(module, __webpack_exports__, __webpack_require__) {

\\"use strict\\";
/* unused harmony export b */
/* unused harmony export a */
var b = \\"b\\";
var a = \\"a\\";
/* harmony default export */ __webpack_exports__[\\"a\\"] = ({
    \\"a\\": \\"a\\",
    \\"b\\": \\"b\\"
});


/***/ }),
/* 1 */
/***/ (function(module, __webpack_exports__, __webpack_require__) {

\\"use strict\\";
Object.defineProperty(__webpack_exports__, \\"__esModule\\", { value: true });
/* harmony import */ var __WEBPACK_IMPORTED_MODULE_0__es2015_css__ = __webpack_require__(0);


console.log(__WEBPACK_IMPORTED_MODULE_0__es2015_css__[\\"a\\" /* default */]);


/***/ })
/******/ ]);"
`;

exports[`/webpack.js should support ES2015 default exports 2`] = `
"/* packages/webpack/test/specimens/es2015.css */
.a {
    color: red
}
.b {
    color: blue
}"
`;

exports[`/webpack.js should support ES2015 named exports 1`] = `
"/******/ (function(modules) { // webpackBootstrap
/******/ 	// The module cache
/******/ 	var installedModules = {};
/******/
/******/ 	// The require function
/******/ 	function __webpack_require__(moduleId) {
/******/
/******/ 		// Check if module is in cache
/******/ 		if(installedModules[moduleId]) {
/******/ 			return installedModules[moduleId].exports;
/******/ 		}
/******/ 		// Create a new module (and put it into the cache)
/******/ 		var module = installedModules[moduleId] = {
/******/ 			i: moduleId,
/******/ 			l: false,
/******/ 			exports: {}
/******/ 		};
/******/
/******/ 		// Execute the module function
/******/ 		modules[moduleId].call(module.exports, module, module.exports, __webpack_require__);
/******/
/******/ 		// Flag the module as loaded
/******/ 		module.l = true;
/******/
/******/ 		// Return the exports of the module
/******/ 		return module.exports;
/******/ 	}
/******/
/******/
/******/ 	// expose the modules object (__webpack_modules__)
/******/ 	__webpack_require__.m = modules;
/******/
/******/ 	// expose the module cache
/******/ 	__webpack_require__.c = installedModules;
/******/
/******/ 	// identity function for calling harmony imports with the correct context
/******/ 	__webpack_require__.i = function(value) { return value; };
/******/
/******/ 	// define getter function for harmony exports
/******/ 	__webpack_require__.d = function(exports, name, getter) {
/******/ 		if(!__webpack_require__.o(exports, name)) {
/******/ 			Object.defineProperty(exports, name, {
/******/ 				configurable: false,
/******/ 				enumerable: true,
/******/ 				get: getter
/******/ 			});
/******/ 		}
/******/ 	};
/******/
/******/ 	// getDefaultExport function for compatibility with non-harmony modules
/******/ 	__webpack_require__.n = function(module) {
/******/ 		var getter = module && module.__esModule ?
/******/ 			function getDefault() { return module['default']; } :
/******/ 			function getModuleExports() { return module; };
/******/ 		__webpack_require__.d(getter, 'a', getter);
/******/ 		return getter;
/******/ 	};
/******/
/******/ 	// Object.prototype.hasOwnProperty.call
/******/ 	__webpack_require__.o = function(object, property) { return Object.prototype.hasOwnProperty.call(object, property); };
/******/
/******/ 	// __webpack_public_path__
/******/ 	__webpack_require__.p = \\"\\";
/******/
/******/ 	// Load entry module and return exports
/******/ 	return __webpack_require__(__webpack_require__.s = 1);
/******/ })
/************************************************************************/
/******/ ([
/* 0 */
/***/ (function(module, __webpack_exports__, __webpack_require__) {

\\"use strict\\";
/* unused harmony export b */
/* harmony export (binding) */ __webpack_require__.d(__webpack_exports__, \\"a\\", function() { return a; });
var b = \\"b\\";
var a = \\"a\\";
/* unused harmony default export */ var _unused_webpack_default_export = ({
    \\"a\\": \\"a\\",
    \\"b\\": \\"b\\"
});


/***/ }),
/* 1 */
/***/ (function(module, __webpack_exports__, __webpack_require__) {

\\"use strict\\";
Object.defineProperty(__webpack_exports__, \\"__esModule\\", { value: true });
/* harmony import */ var __WEBPACK_IMPORTED_MODULE_0__es2015_css__ = __webpack_require__(0);


console.log(__WEBPACK_IMPORTED_MODULE_0__es2015_css__[\\"a\\"]);


/***/ })
/******/ ]);"
`;

exports[`/webpack.js should support ES2015 named exports 2`] = `
"/* packages/webpack/test/specimens/es2015.css */
.a {
    color: red
}
.b {
    color: blue
}"
`;

exports[`webpack watching.css 1 1`] = `
"/* packages/webpack/test/output/watched.css */
.one {
    color: red
}"
`;

exports[`webpack watching.css 2 1`] = `
"/* packages/webpack/test/output/watched.css */
.two {
    color: blue
}"
`;

exports[`webpack watching.js 1 1`] = `
"/******/ (function(modules) { // webpackBootstrap
/******/ 	// The module cache
/******/ 	var installedModules = {};
/******/
/******/ 	// The require function
/******/ 	function __webpack_require__(moduleId) {
/******/
/******/ 		// Check if module is in cache
/******/ 		if(installedModules[moduleId]) {
/******/ 			return installedModules[moduleId].exports;
/******/ 		}
/******/ 		// Create a new module (and put it into the cache)
/******/ 		var module = installedModules[moduleId] = {
/******/ 			i: moduleId,
/******/ 			l: false,
/******/ 			exports: {}
/******/ 		};
/******/
/******/ 		// Execute the module function
/******/ 		modules[moduleId].call(module.exports, module, module.exports, __webpack_require__);
/******/
/******/ 		// Flag the module as loaded
/******/ 		module.l = true;
/******/
/******/ 		// Return the exports of the module
/******/ 		return module.exports;
/******/ 	}
/******/
/******/
/******/ 	// expose the modules object (__webpack_modules__)
/******/ 	__webpack_require__.m = modules;
/******/
/******/ 	// expose the module cache
/******/ 	__webpack_require__.c = installedModules;
/******/
/******/ 	// identity function for calling harmony imports with the correct context
/******/ 	__webpack_require__.i = function(value) { return value; };
/******/
/******/ 	// define getter function for harmony exports
/******/ 	__webpack_require__.d = function(exports, name, getter) {
/******/ 		if(!__webpack_require__.o(exports, name)) {
/******/ 			Object.defineProperty(exports, name, {
/******/ 				configurable: false,
/******/ 				enumerable: true,
/******/ 				get: getter
/******/ 			});
/******/ 		}
/******/ 	};
/******/
/******/ 	// getDefaultExport function for compatibility with non-harmony modules
/******/ 	__webpack_require__.n = function(module) {
/******/ 		var getter = module && module.__esModule ?
/******/ 			function getDefault() { return module['default']; } :
/******/ 			function getModuleExports() { return module; };
/******/ 		__webpack_require__.d(getter, 'a', getter);
/******/ 		return getter;
/******/ 	};
/******/
/******/ 	// Object.prototype.hasOwnProperty.call
/******/ 	__webpack_require__.o = function(object, property) { return Object.prototype.hasOwnProperty.call(object, property); };
/******/
/******/ 	// __webpack_public_path__
/******/ 	__webpack_require__.p = \\"\\";
/******/
/******/ 	// Load entry module and return exports
/******/ 	return __webpack_require__(__webpack_require__.s = 1);
/******/ })
/************************************************************************/
/******/ ([
/* 0 */
/***/ (function(module, __webpack_exports__, __webpack_require__) {

\\"use strict\\";
/* unused harmony export one */
var one = \\"one\\";
/* harmony default export */ __webpack_exports__[\\"a\\"] = ({
    \\"one\\": \\"one\\"
});


/***/ }),
/* 1 */
/***/ (function(module, __webpack_exports__, __webpack_require__) {

\\"use strict\\";
Object.defineProperty(__webpack_exports__, \\"__esModule\\", { value: true });
/* harmony import */ var __WEBPACK_IMPORTED_MODULE_0__output_watched_css__ = __webpack_require__(0);


console.log(__WEBPACK_IMPORTED_MODULE_0__output_watched_css__[\\"a\\" /* default */]);


/***/ })
/******/ ]);"
`;

exports[`webpack watching.js 2 1`] = `
"/******/ (function(modules) { // webpackBootstrap
/******/ 	// The module cache
/******/ 	var installedModules = {};
/******/
/******/ 	// The require function
/******/ 	function __webpack_require__(moduleId) {
/******/
/******/ 		// Check if module is in cache
/******/ 		if(installedModules[moduleId]) {
/******/ 			return installedModules[moduleId].exports;
/******/ 		}
/******/ 		// Create a new module (and put it into the cache)
/******/ 		var module = installedModules[moduleId] = {
/******/ 			i: moduleId,
/******/ 			l: false,
/******/ 			exports: {}
/******/ 		};
/******/
/******/ 		// Execute the module function
/******/ 		modules[moduleId].call(module.exports, module, module.exports, __webpack_require__);
/******/
/******/ 		// Flag the module as loaded
/******/ 		module.l = true;
/******/
/******/ 		// Return the exports of the module
/******/ 		return module.exports;
/******/ 	}
/******/
/******/
/******/ 	// expose the modules object (__webpack_modules__)
/******/ 	__webpack_require__.m = modules;
/******/
/******/ 	// expose the module cache
/******/ 	__webpack_require__.c = installedModules;
/******/
/******/ 	// identity function for calling harmony imports with the correct context
/******/ 	__webpack_require__.i = function(value) { return value; };
/******/
/******/ 	// define getter function for harmony exports
/******/ 	__webpack_require__.d = function(exports, name, getter) {
/******/ 		if(!__webpack_require__.o(exports, name)) {
/******/ 			Object.defineProperty(exports, name, {
/******/ 				configurable: false,
/******/ 				enumerable: true,
/******/ 				get: getter
/******/ 			});
/******/ 		}
/******/ 	};
/******/
/******/ 	// getDefaultExport function for compatibility with non-harmony modules
/******/ 	__webpack_require__.n = function(module) {
/******/ 		var getter = module && module.__esModule ?
/******/ 			function getDefault() { return module['default']; } :
/******/ 			function getModuleExports() { return module; };
/******/ 		__webpack_require__.d(getter, 'a', getter);
/******/ 		return getter;
/******/ 	};
/******/
/******/ 	// Object.prototype.hasOwnProperty.call
/******/ 	__webpack_require__.o = function(object, property) { return Object.prototype.hasOwnProperty.call(object, property); };
/******/
/******/ 	// __webpack_public_path__
/******/ 	__webpack_require__.p = \\"\\";
/******/
/******/ 	// Load entry module and return exports
/******/ 	return __webpack_require__(__webpack_require__.s = 1);
/******/ })
/************************************************************************/
/******/ ([
/* 0 */
/***/ (function(module, __webpack_exports__, __webpack_require__) {

\\"use strict\\";
/* unused harmony export two */
var two = \\"two\\";
/* harmony default export */ __webpack_exports__[\\"a\\"] = ({
    \\"two\\": \\"two\\"
});


/***/ }),
/* 1 */
/***/ (function(module, __webpack_exports__, __webpack_require__) {

\\"use strict\\";
Object.defineProperty(__webpack_exports__, \\"__esModule\\", { value: true });
/* harmony import */ var __WEBPACK_IMPORTED_MODULE_0__output_watched_css__ = __webpack_require__(0);


console.log(__WEBPACK_IMPORTED_MODULE_0__output_watched_css__[\\"a\\" /* default */]);


/***/ })
/******/ ]);"
`;
