// Jest Snapshot v1, https://goo.gl/fbAQLP

exports[`/svelte.js rollup chunking should correctly chunk svelte files using inline <style> 1`] = `
Object {
  "a.css": "
/* packages/svelte/test/specimens/inline-chunking/a-dep.css */
.mc6ca450b0_adep {
    margin: 5px;
}
/* packages/svelte/test/specimens/inline-chunking/a.html */
.mc80aa5044_a {
    color: aqua;
}
",
  "b.css": "
/* packages/svelte/test/specimens/inline-chunking/b-dep.css */
.mcf56d52f6_bdep {
    padding: 5px;
}
/* packages/svelte/test/specimens/inline-chunking/b.html */
.mcbb945b2f_b {
    color: blue;
}
",
  "shared.css": "
/* packages/svelte/test/specimens/inline-chunking/shared.css */
.mcfef68931_shared {
    background: black;
}
",
}
`;

exports[`/svelte.js rollup watching should generate updated output 1`] = `
Snapshot Diff:
- First value
+ Second value

@@ --- --- @@
+   "assets/app.css": "/* packages/svelte/test/output/rollup/input/app.css */
+ .mc043115d5_nope {
+     color: blue;
+ }",
@@ --- --- @@
+ 
@@ --- --- @@
+ 
@@ --- --- @@
- 			div.className = \\"css.nope\\";
+ 			div.className = \\"mc043115d5_nope\\";
`;

exports[`/svelte.js rollup watching should generate updated output when composition changes 1`] = `
Snapshot Diff:
- First value
+ Second value

@@ --- --- @@
  
  	return {
  		c() {
  			div = createElement(\\"div\\");
  			div.textContent = \\"Hi\\";
- 			div.className = \\"mc8c3b9f40_b mc7c0d2c82_a\\";
+ 			div.className = \\"mc8c3b9f40_c mc7c0d2c82_a\\";
  		},
  
  		m(target, anchor) {
  			insert(target, div, anchor);
  		},
`;
