// Jest Snapshot v1, https://goo.gl/fbAQLP

exports[`/svelte.js rollup chunking should correctly chunk svelte files using inline <style> 1`] = `
Object {
  "a-dep.css": "
/* packages/svelte/test/specimens/inline-chunking/a-dep.css */
.mc6ca450b0_adep {
    margin: 5px;
}
",
  "a.css": "
/* packages/svelte/test/specimens/inline-chunking/a.svelte */
.mc95c9e282_a {
    color: aqua;
}
",
  "b-dep.css": "
/* packages/svelte/test/specimens/inline-chunking/b-dep.css */
.mcf56d52f6_bdep {
    padding: 5px;
}
",
  "b.css": "
/* packages/svelte/test/specimens/inline-chunking/b.svelte */
.mc39b698fc_b {
    color: blue;
}
",
  "shared.css": "
/* packages/svelte/test/specimens/inline-chunking/shared.css */
.mcfef68931_shared {
    background: black;
}
",
}
`;

exports[`/svelte.js rollup errors should show useful errors from rollup (non-css file) 1`] = `
Array [
  Array [
    "Possible invalid <link> href: ./error-link.svelte",
  ],
]
`;

exports[`/svelte.js rollup watching should generate updated output 1`] = `
Snapshot Diff:
- First value
+ Second value

@@ --- --- @@
+   "assets/app.css": "/* packages/svelte/test/output/rollup/input/app.css */
+ .mc043115d5_nope {
+     color: blue;
+ }",
@@ --- --- @@
- 			attr(div, \\"class\\", \\"css.nope\\");
+ 			attr(div, \\"class\\", \\"mc043115d5_nope\\");
`;

exports[`/svelte.js rollup watching should generate updated output when composition changes 1`] = `
Snapshot Diff:
- First value
+ Second value

@@ --- --- @@

  	return {
  		c() {
  			div = element(\\"div\\");
  			div.textContent = \\"Hi\\";
- 			attr(div, \\"class\\", \\"mc8c3b9f40_b mc7c0d2c82_a\\");
+ 			attr(div, \\"class\\", \\"mc8c3b9f40_c mc7c0d2c82_a\\");
  		},
  		m(target, anchor) {
  			insert(target, div, anchor);
  		},
  		p: noop,
`;
