// Jest Snapshot v1, https://goo.gl/fbAQLP

exports[`/plugins /scoping.js :global issue() shouldn't transform global selectors 1`] = `".a .b { color: red; }"`;
