// Jest Snapshot v1, https://goo.gl/fbAQLP

exports[`/issues /277 should transform multiple :global(...) in a single selector 1`] = `".a .b { color: red; }"`;
