// Jest Snapshot v1, https://goo.gl/fbAQLP

exports[`/lib /relative.js should resolve files against a specified cwd 1`] = `"packages/core/test/specimens/start.css"`;

exports[`/lib /relative.js should resolve files against a specified cwd 2`] = `"specimens/start.css"`;

exports[`/lib /relative.js should resolve files against a specified cwd w/ prefixes 1`] = `"./packages/core/test/specimens/start.css"`;

exports[`/lib /relative.js should resolve files against a specified cwd w/ prefixes 2`] = `"../lib.relative.test.js"`;
