// Jest Snapshot v1, https://goo.gl/fbAQLP

exports[`/plugins /values-local.js should emit a message with details about values 1`] = `
Array [
  Object {
    "plugin": "modular-css-values-local",
    "type": "modular-css",
    "values": Object {
      "blue": Object {
        "source": Object {
          "end": Object {
            "column": 36,
            "line": 1,
          },
          "input": Input {
            "css": "@value red: #F00; @value blue: blue;",
            "id": "<input css 8>",
          },
          "start": Object {
            "column": 19,
            "line": 1,
          },
        },
        "value": "blue",
      },
      "red": Object {
        "source": Object {
          "end": Object {
            "column": 17,
            "line": 1,
          },
          "input": Input {
            "css": "@value red: #F00; @value blue: blue;",
            "id": "<input css 8>",
          },
          "start": Object {
            "column": 1,
            "line": 1,
          },
        },
        "value": "#F00",
      },
    },
  },
]
`;

exports[`/plugins /values-local.js should ignore non-local values 1`] = `"@value red from \\"./fooga.css\\";"`;

exports[`/plugins /values-local.js should ignore non-local values 2`] = `"@value red from \\"./fooga.css\\"; .fooga { color: red; }"`;

exports[`/plugins /values-local.js should remove value declarations from output 1`] = `""`;

exports[`/plugins /values-local.js should remove value declarations from output 2`] = `""`;

exports[`/plugins /values-local.js should remove value declarations from output 3`] = `".wooga { color: red; }"`;
