// Jest Snapshot v1, https://goo.gl/fbAQLP

exports[`/processor.js unicode should support unicode classes & ids 1`] = `
"/* packages/core/test/specimens/unicode.css */
#♥ { background: lime; }
#© { background: lime; }
#“‘’” { background: lime; }
#☺☃ { background: lime; }
#⌘⌥ { background: lime; }
#𝄞♪♩♫♬ { background: lime; }
#💩 { background: lime; }
#\\\\? { background: lime; }
#\\\\@ { background: lime; }
#\\\\. { background: lime; }
#\\\\3A \\\\) { background: lime; }
#\\\\3A \\\\\`\\\\( { background: lime; }
#\\\\31 23 { background: lime; }
#\\\\31 a2b3c { background: lime; }
#\\\\<p\\\\> { background: lime; }
#\\\\<\\\\>\\\\<\\\\<\\\\<\\\\>\\\\>\\\\<\\\\> { background: lime; }
#\\\\+\\\\+\\\\+\\\\+\\\\+\\\\+\\\\+\\\\+\\\\+\\\\+\\\\[\\\\>\\\\+\\\\+\\\\+\\\\+\\\\+\\\\+\\\\+\\\\>\\\\+\\\\+\\\\+\\\\+\\\\+\\\\+\\\\+\\\\+\\\\+\\\\+\\\\>\\\\+\\\\+\\\\+\\\\>\\\\+\\\\<\\\\<\\\\<\\\\<\\\\-\\\\]\\\\>\\\\+\\\\+\\\\.\\\\>\\\\+\\\\.\\\\+\\\\+\\\\+\\\\+\\\\+\\\\+\\\\+\\\\.\\\\.\\\\+\\\\+\\\\+\\\\.\\\\>\\\\+\\\\+\\\\.\\\\<\\\\<\\\\+\\\\+\\\\+\\\\+\\\\+\\\\+\\\\+\\\\+\\\\+\\\\+\\\\+\\\\+\\\\+\\\\+\\\\+\\\\.\\\\>\\\\.\\\\+\\\\+\\\\+\\\\.\\\\-\\\\-\\\\-\\\\-\\\\-\\\\-\\\\.\\\\-\\\\-\\\\-\\\\-\\\\-\\\\-\\\\-\\\\-\\\\.\\\\>\\\\+\\\\.\\\\>\\\\. { background: lime; }
#\\\\# { background: lime; }
#\\\\#\\\\# { background: lime; }
#\\\\#\\\\.\\\\#\\\\.\\\\# { background: lime; }
#\\\\_ { background: lime; }
#\\\\{\\\\} { background: lime; }
#\\\\.fake\\\\-class { background: lime; }
#foo\\\\.bar { background: lime; }
#\\\\3A hover { background: lime; }
#\\\\3A hover\\\\3A focus\\\\3A active { background: lime; }
#\\\\[attr\\\\=value\\\\] { background: lime; }
#f\\\\/o\\\\/o { background: lime; }
#f\\\\\\\\o\\\\\\\\o { background: lime; }
#f\\\\*o\\\\*o { background: lime; }
#f\\\\!o\\\\!o { background: lime; }
#f\\\\'o\\\\'o { background: lime; }
#f\\\\~o\\\\~o { background: lime; }
#f\\\\+o\\\\+o { background: lime; }

.♥ { background: lime; }
.© { background: lime; }
.“‘’” { background: lime; }
.☺☃ { background: lime; }
.⌘⌥ { background: lime; }
.𝄞♪♩♫♬ { background: lime; }
.💩 { background: lime; }
.\\\\? { background: lime; }
.\\\\@ { background: lime; }
.\\\\. { background: lime; }
.\\\\3A \\\\) { background: lime; }
.\\\\3A \\\\\`\\\\( { background: lime; }
.\\\\31 23 { background: lime; }
.\\\\31 a2b3c { background: lime; }
.\\\\<p\\\\> { background: lime; }
.\\\\<\\\\>\\\\<\\\\<\\\\<\\\\>\\\\>\\\\<\\\\> { background: lime; }
.\\\\+\\\\+\\\\+\\\\+\\\\+\\\\+\\\\+\\\\+\\\\+\\\\+\\\\[\\\\>\\\\+\\\\+\\\\+\\\\+\\\\+\\\\+\\\\+\\\\>\\\\+\\\\+\\\\+\\\\+\\\\+\\\\+\\\\+\\\\+\\\\+\\\\+\\\\>\\\\+\\\\+\\\\+\\\\>\\\\+\\\\<\\\\<\\\\<\\\\<\\\\-\\\\]\\\\>\\\\+\\\\+\\\\.\\\\>\\\\+\\\\.\\\\+\\\\+\\\\+\\\\+\\\\+\\\\+\\\\+\\\\.\\\\.\\\\+\\\\+\\\\+\\\\.\\\\>\\\\+\\\\+\\\\.\\\\<\\\\<\\\\+\\\\+\\\\+\\\\+\\\\+\\\\+\\\\+\\\\+\\\\+\\\\+\\\\+\\\\+\\\\+\\\\+\\\\+\\\\.\\\\>\\\\.\\\\+\\\\+\\\\+\\\\.\\\\-\\\\-\\\\-\\\\-\\\\-\\\\-\\\\.\\\\-\\\\-\\\\-\\\\-\\\\-\\\\-\\\\-\\\\-\\\\.\\\\>\\\\+\\\\.\\\\>\\\\. { background: lime; }
.\\\\# { background: lime; }
.\\\\#\\\\# { background: lime; }
.\\\\#\\\\.\\\\#\\\\.\\\\# { background: lime; }
.\\\\_ { background: lime; }
.\\\\{\\\\} { background: lime; }
.\\\\#fake\\\\-id { background: lime; }
.foo\\\\.bar { background: lime; }
.\\\\3A hover { background: lime; }
.\\\\3A hover\\\\3A focus\\\\3A active { background: lime; }
.\\\\[attr\\\\=value\\\\] { background: lime; }
.f\\\\/o\\\\/o { background: lime; }
.f\\\\\\\\o\\\\\\\\o { background: lime; }
.f\\\\*o\\\\*o { background: lime; }
.f\\\\!o\\\\!o { background: lime; }
.f\\\\'o\\\\'o { background: lime; }
.f\\\\~o\\\\~o { background: lime; }
.f\\\\+o\\\\+o { background: lime; }
"
`;
