// Jest Snapshot v1, https://goo.gl/fbAQLP

exports[`/issues /56 should prune rules that only compose, but leave them in the exports 1`] = `
Object {
  "booga": Array [
    "mc_booga",
  ],
  "fooga": Array [
    "mc_booga",
    "mc_fooga",
  ],
  "wooga": Array [
    "mc_booga",
    "mc_wooga",
  ],
}
`;

exports[`/issues /56 should prune rules that only compose, but leave them in the exports 2`] = `
"/* packages/processor/test/specimens/issues/56.css */
.mc_booga { color: red }
.mc_fooga:hover { color: blue }"
`;
