// Jest Snapshot v1, https://goo.gl/fbAQLP

exports[`/processor.js exports should export an object of arrays containing strings 1`] = `
Object {
  "black": Array [
    "black",
  ],
  "one": Array [
    "red",
    "black",
    "one",
  ],
  "red": Array [
    "red",
  ],
  "two": Array [
    "red",
    "black",
    "two",
  ],
}
`;

exports[`/processor.js exports should export identifiers and their classes 1`] = `
Object {
  "packages/processor/test/specimens/folder/folder.css": Object {
    "folder": Array [
      "folder",
    ],
  },
  "packages/processor/test/specimens/local.css": Object {
    "booga": Array [
      "booga",
    ],
    "looga": Array [
      "booga",
      "looga",
    ],
  },
  "packages/processor/test/specimens/start.css": Object {
    "booga": Array [
      "booga",
    ],
    "tooga": Array [
      "tooga",
    ],
    "wooga": Array [
      "booga",
      "wooga",
    ],
  },
}
`;
